============================= test session starts =============================
platform win32 -- Python 3.12.12, pytest-9.0.2, pluggy-1.6.0 -- C:\Users\domingueza\ASPEN_PY\.venv\Scripts\python.exe
cachedir: .pytest_cache
rootdir: C:\Users\domingueza\ASPEN_PY
configfile: pyproject.toml
plugins: cov-7.0.0
collecting ... collected 20 items

tests/test_schema.py::test_valid_stream PASSED                           [  5%]
tests/test_schema.py::test_invalid_composition_sum PASSED                [ 10%]
tests/test_schema.py::test_missing_flow PASSED                           [ 15%]
tests/test_schema.py::test_plant_spec_minimal PASSED                     [ 20%]
tests/test_parser.py::test_load_valid_yaml PASSED                        [ 25%]
tests/test_parser.py::test_load_valid_json PASSED                        [ 30%]
tests/test_parser.py::test_file_not_found PASSED                         [ 35%]
tests/test_parser.py::test_load_invalid_raises_error PASSED              [ 40%]
tests/test_parser.py::test_load_no_validate PASSED                       [ 45%]
tests/test_parser.py::test_yaml_syntax_error PASSED                      [ 50%]
tests/test_parser.py::test_json_syntax_error FAILED                      [ 55%]
tests/test_validator.py::test_rule1_missing_sections PASSED              [ 60%]
tests/test_validator.py::test_rule2_invalid_component_ref PASSED         [ 65%]
tests/test_validator.py::test_rule3_invalid_stream_connectivity PASSED   [ 70%]
tests/test_validator.py::test_rule4_composition_sum PASSED               [ 75%]
tests/test_validator.py::test_rule5_invalid_block_ref PASSED             [ 80%]
tests/test_validator.py::test_rule6_invalid_units PASSED                 [ 85%]
tests/test_validator.py::test_rule7_missing_required_fields PASSED       [ 90%]
tests/test_validator.py::test_rule8_type_validation PASSED               [ 95%]
tests/test_validator.py::test_valid_spec_passes_all PASSED               [100%]

================================== FAILURES ===================================
___________________________ test_json_syntax_error ____________________________

filepath = 'C:\\Users\\domingueza\\AppData\\Local\\Temp\\pytest-of-domingueza\\pytest-1\\test_json_syntax_error0\\broken.json'
validate = True

    def load_spec(filepath: str, validate: bool = True) -> Union[PlantSpecification, Dict[str, Any]]:
        """
        Load a plant specification from a YAML or JSON file.
    
        Args:
            filepath: Path to the input file (.yaml, .yml, or .json)
            validate: Whether to perform comprehensive validation (default: True)
    
        Returns:
            PlantSpecification object if validated, otherwise raw dict
    
        Raises:
            FileNotFoundError: If file doesn't exist
            ValidationError: If validation fails
            yaml.YAMLError: If YAML syntax is invalid
            json.JSONDecodeError: If JSON syntax is invalid
        """
        if not os.path.exists(filepath):
            raise FileNotFoundError(f"File not found: {filepath}")
    
        _, ext = os.path.splitext(filepath)
        ext = ext.lower()
    
        try:
            with open(filepath, 'r') as f:
                if ext in ['.yaml', '.yml']:
                    data = yaml.safe_load(f)
                elif ext == '.json':
>                   data = json.load(f)
                           ^^^^^^^^^^^^

aspen_automation\parser.py:37: 
_ _ _ _ _ _ _ _ _ _ _ _ _ _ _ _ _ _ _ _ _ _ _ _ _ _ _ _ _ _ _ _ _ _ _ _ _ _ _ _
..\AppData\Roaming\uv\python\cpython-3.12.12-windows-x86_64-none\Lib\json\__init__.py:293: in load
    return loads(fp.read(),
..\AppData\Roaming\uv\python\cpython-3.12.12-windows-x86_64-none\Lib\json\__init__.py:346: in loads
    return _default_decoder.decode(s)
           ^^^^^^^^^^^^^^^^^^^^^^^^^^
..\AppData\Roaming\uv\python\cpython-3.12.12-windows-x86_64-none\Lib\json\decoder.py:338: in decode
    obj, end = self.raw_decode(s, idx=_w(s, 0).end())
               ^^^^^^^^^^^^^^^^^^^^^^^^^^^^^^^^^^^^^^
_ _ _ _ _ _ _ _ _ _ _ _ _ _ _ _ _ _ _ _ _ _ _ _ _ _ _ _ _ _ _ _ _ _ _ _ _ _ _ _

self = <json.decoder.JSONDecoder object at 0x00000263007B3350>
s = '{"invalid": "unclosed quote}', idx = 0

    def raw_decode(self, s, idx=0):
        """Decode a JSON document from ``s`` (a ``str`` beginning with
        a JSON document) and return a 2-tuple of the Python
        representation and the index in ``s`` where the document ended.
    
        This can be used to decode a JSON document from a string that may
        have extraneous data at the end.
    
        """
        try:
>           obj, end = self.scan_once(s, idx)
                       ^^^^^^^^^^^^^^^^^^^^^^
E           json.decoder.JSONDecodeError: Unterminated string starting at: line 1 column 13 (char 12)

..\AppData\Roaming\uv\python\cpython-3.12.12-windows-x86_64-none\Lib\json\decoder.py:354: JSONDecodeError

During handling of the above exception, another exception occurred:

tmp_path = WindowsPath('C:/Users/domingueza/AppData/Local/Temp/pytest-of-domingueza/pytest-1/test_json_syntax_error0')

    def test_json_syntax_error(tmp_path):
        p = tmp_path / "broken.json"
        p.write_text('{"invalid": "unclosed quote}')
        with pytest.raises(json.JSONDecodeError):
>           load_spec(str(p))

tests\test_parser.py:56: 
_ _ _ _ _ _ _ _ _ _ _ _ _ _ _ _ _ _ _ _ _ _ _ _ _ _ _ _ _ _ _ _ _ _ _ _ _ _ _ _

filepath = 'C:\\Users\\domingueza\\AppData\\Local\\Temp\\pytest-of-domingueza\\pytest-1\\test_json_syntax_error0\\broken.json'
validate = True

    def load_spec(filepath: str, validate: bool = True) -> Union[PlantSpecification, Dict[str, Any]]:
        """
        Load a plant specification from a YAML or JSON file.
    
        Args:
            filepath: Path to the input file (.yaml, .yml, or .json)
            validate: Whether to perform comprehensive validation (default: True)
    
        Returns:
            PlantSpecification object if validated, otherwise raw dict
    
        Raises:
            FileNotFoundError: If file doesn't exist
            ValidationError: If validation fails
            yaml.YAMLError: If YAML syntax is invalid
            json.JSONDecodeError: If JSON syntax is invalid
        """
        if not os.path.exists(filepath):
            raise FileNotFoundError(f"File not found: {filepath}")
    
        _, ext = os.path.splitext(filepath)
        ext = ext.lower()
    
        try:
            with open(filepath, 'r') as f:
                if ext in ['.yaml', '.yml']:
                    data = yaml.safe_load(f)
                elif ext == '.json':
                    data = json.load(f)
                else:
                    raise ValueError(f"Unsupported file extension: {ext}. Use .yaml, .yml, or .json")
        except yaml.YAMLError as e:
            # Pyserialized YAML error might have mark
            msg = f"YAML syntax error: {str(e)}"
            raise type(e)(msg) from e
        except json.JSONDecodeError as e:
            msg = f"JSON syntax error at line {e.lineno}, col {e.colno}: {e.msg}"
>           raise type(e)(msg) from e
                  ^^^^^^^^^^^^
E           TypeError: JSONDecodeError.__init__() missing 2 required positional arguments: 'doc' and 'pos'

aspen_automation\parser.py:46: TypeError
=========================== short test summary info ===========================
FAILED tests/test_parser.py::test_json_syntax_error - TypeError: JSONDecodeEr...
======================== 1 failed, 19 passed in 0.33s =========================
