Connecting to Aspen Plus...
  Method 1: Trying GetActiveObject...
  -> GetActiveObject failed: (-2147221021, 'Operación no disponible', None, None)
  Method 2: Trying Dispatch...
  -> Dispatch successful.
  -> Document name: Aspen Plus 40.0 OLE Services
  -> Warning setting properties: (-2147352567, 'Ocurrió una excepción.', (2002, 'Aspen Plus 40.0 OLE Services', 'Application has not been initialized or has been closed since the last initialization. InitNew or InitFromFile must be  called before this property or method may be executed.', None, 0, 0), None)
Defining Components...
  Error in define_components: (-2147352567, 'Ocurrió una excepción.', (2002, 'Aspen Plus 40.0 OLE Services', 'Application has not been initialized or has been closed since the last initialization. InitNew or InitFromFile must be  called before this property or method may be executed.', None, 0, 0), None)
Setting Property Method to IDEAL...
  Warning setting property method: (-2147352567, 'Ocurrió una excepción.', (2002, 'Aspen Plus 40.0 OLE Services', 'Application has not been initialized or has been closed since the last initialization. InitNew or InitFromFile must be  called before this property or method may be executed.', None, 0, 0), None)
Building Flowsheet...
  Error building flowsheet: (-2147352567, 'Ocurrió una excepción.', (2002, 'Aspen Plus 40.0 OLE Services', 'Application has not been initialized or has been closed since the last initialization. InitNew or InitFromFile must be  called before this property or method may be executed.', None, 0, 0), None)
Setting Inputs...
  Error inputs: (-2147352567, 'Ocurrió una excepción.', (2002, 'Aspen Plus 40.0 OLE Services', 'Application has not been initialized or has been closed since the last initialization. InitNew or InitFromFile must be  called before this property or method may be executed.', None, 0, 0), None)
Running Simulation...
  Error running simulation: (-2147352567, 'Ocurrió una excepción.', (0, None, None, None, 0, -2147467259), None)
Exporting results (Debug)...
Debug: Structure of \Data\Streams\OUT\Output:
  Error exporting CSV: (-2147352567, 'Ocurrió una excepción.', (2002, 'Aspen Plus 40.0 OLE Services', 'Application has not been initialized or has been closed since the last initialization. InitNew or InitFromFile must be  called before this property or method may be executed.', None, 0, 0), None)
